app/login.tsx(187,5): error TS1117: An object literal cannot have multiple properties with the same name.
firebaseConfig.ts(3,25): error TS2305: Module '"firebase/auth"' has no exported member 'getReactNativePersistence'.
